// Jest Snapshot v1, https://goo.gl/fbAQLP

exports[`<TableHead /> component snapshot [mount] 1`] = `
<table>
  <FlightsTableHead
    head={
      Array [
        Object {
          "key": "id",
          "label": "ID",
        },
        Object {
          "key": "type",
          "label": "TYPE",
        },
      ]
    }
    order="asc"
    orderBy="type"
  >
    <WithStyles(TableHead)>
      <TableHead
        classes={
          Object {
            "root": "MuiTableHead-root-1",
          }
        }
        component="thead"
      >
        <thead
          className="MuiTableHead-root-1"
        >
          <WithStyles(TableRow)>
            <TableRow
              classes={
                Object {
                  "footer": "MuiTableRow-footer-6",
                  "head": "MuiTableRow-head-5",
                  "hover": "MuiTableRow-hover-4",
                  "root": "MuiTableRow-root-2",
                  "selected": "MuiTableRow-selected-3",
                }
              }
              component="tr"
              hover={false}
              selected={false}
            >
              <tr
                className="MuiTableRow-root-2 MuiTableRow-head-5"
              >
                <WithStyles(TableCell)
                  key="id"
                  sortDirection={false}
                >
                  <TableCell
                    align="inherit"
                    classes={
                      Object {
                        "alignCenter": "MuiTableCell-alignCenter-16",
                        "alignJustify": "MuiTableCell-alignJustify-18",
                        "alignLeft": "MuiTableCell-alignLeft-15",
                        "alignRight": "MuiTableCell-alignRight-17",
                        "body": "MuiTableCell-body-9",
                        "footer": "MuiTableCell-footer-10",
                        "head": "MuiTableCell-head-8",
                        "numeric": "MuiTableCell-numeric-11",
                        "paddingCheckbox": "MuiTableCell-paddingCheckbox-13",
                        "paddingDense": "MuiTableCell-paddingDense-12",
                        "paddingNone": "MuiTableCell-paddingNone-14",
                        "root": "MuiTableCell-root-7",
                      }
                    }
                    sortDirection={false}
                  >
                    <th
                      aria-sort={null}
                      className="MuiTableCell-root-7 MuiTableCell-head-8"
                      scope="col"
                    >
                      <WithStyles(Tooltip)
                        enterDelay={300}
                        placement="bottom-end"
                        title="Sort"
                      >
                        <Tooltip
                          TransitionComponent={[Function]}
                          classes={
                            Object {
                              "popper": "MuiTooltip-popper-19",
                              "popperInteractive": "MuiTooltip-popperInteractive-20",
                              "tooltip": "MuiTooltip-tooltip-21",
                              "tooltipPlacementBottom": "MuiTooltip-tooltipPlacementBottom-26",
                              "tooltipPlacementLeft": "MuiTooltip-tooltipPlacementLeft-23",
                              "tooltipPlacementRight": "MuiTooltip-tooltipPlacementRight-24",
                              "tooltipPlacementTop": "MuiTooltip-tooltipPlacementTop-25",
                              "touch": "MuiTooltip-touch-22",
                            }
                          }
                          disableFocusListener={false}
                          disableHoverListener={false}
                          disableTouchListener={false}
                          enterDelay={300}
                          enterTouchDelay={1000}
                          interactive={false}
                          leaveDelay={0}
                          leaveTouchDelay={1500}
                          placement="bottom-end"
                          theme={
                            Object {
                              "breakpoints": Object {
                                "between": [Function],
                                "down": [Function],
                                "keys": Array [
                                  "xs",
                                  "sm",
                                  "md",
                                  "lg",
                                  "xl",
                                ],
                                "only": [Function],
                                "up": [Function],
                                "values": Object {
                                  "lg": 1280,
                                  "md": 960,
                                  "sm": 600,
                                  "xl": 1920,
                                  "xs": 0,
                                },
                                "width": [Function],
                              },
                              "direction": "ltr",
                              "mixins": Object {
                                "gutters": [Function],
                                "toolbar": Object {
                                  "@media (min-width:0px) and (orientation: landscape)": Object {
                                    "minHeight": 48,
                                  },
                                  "@media (min-width:600px)": Object {
                                    "minHeight": 64,
                                  },
                                  "minHeight": 56,
                                },
                              },
                              "overrides": Object {},
                              "palette": Object {
                                "action": Object {
                                  "active": "rgba(0, 0, 0, 0.54)",
                                  "disabled": "rgba(0, 0, 0, 0.26)",
                                  "disabledBackground": "rgba(0, 0, 0, 0.12)",
                                  "hover": "rgba(0, 0, 0, 0.08)",
                                  "hoverOpacity": 0.08,
                                  "selected": "rgba(0, 0, 0, 0.14)",
                                },
                                "augmentColor": [Function],
                                "background": Object {
                                  "default": "#fafafa",
                                  "paper": "#fff",
                                },
                                "common": Object {
                                  "black": "#000",
                                  "white": "#fff",
                                },
                                "contrastThreshold": 3,
                                "divider": "rgba(0, 0, 0, 0.12)",
                                "error": Object {
                                  "contrastText": "#fff",
                                  "dark": "#d32f2f",
                                  "light": "#e57373",
                                  "main": "#f44336",
                                },
                                "getContrastText": [Function],
                                "grey": Object {
                                  "100": "#f5f5f5",
                                  "200": "#eeeeee",
                                  "300": "#e0e0e0",
                                  "400": "#bdbdbd",
                                  "50": "#fafafa",
                                  "500": "#9e9e9e",
                                  "600": "#757575",
                                  "700": "#616161",
                                  "800": "#424242",
                                  "900": "#212121",
                                  "A100": "#d5d5d5",
                                  "A200": "#aaaaaa",
                                  "A400": "#303030",
                                  "A700": "#616161",
                                },
                                "primary": Object {
                                  "contrastText": "#fff",
                                  "dark": "#303f9f",
                                  "light": "#7986cb",
                                  "main": "#3f51b5",
                                },
                                "secondary": Object {
                                  "contrastText": "#fff",
                                  "dark": "#c51162",
                                  "light": "#ff4081",
                                  "main": "#f50057",
                                },
                                "text": Object {
                                  "disabled": "rgba(0, 0, 0, 0.38)",
                                  "hint": "rgba(0, 0, 0, 0.38)",
                                  "primary": "rgba(0, 0, 0, 0.87)",
                                  "secondary": "rgba(0, 0, 0, 0.54)",
                                },
                                "tonalOffset": 0.2,
                                "type": "light",
                              },
                              "props": Object {},
                              "shadows": Array [
                                "none",
                                "0px 1px 3px 0px rgba(0,0,0,0.2),0px 1px 1px 0px rgba(0,0,0,0.14),0px 2px 1px -1px rgba(0,0,0,0.12)",
                                "0px 1px 5px 0px rgba(0,0,0,0.2),0px 2px 2px 0px rgba(0,0,0,0.14),0px 3px 1px -2px rgba(0,0,0,0.12)",
                                "0px 1px 8px 0px rgba(0,0,0,0.2),0px 3px 4px 0px rgba(0,0,0,0.14),0px 3px 3px -2px rgba(0,0,0,0.12)",
                                "0px 2px 4px -1px rgba(0,0,0,0.2),0px 4px 5px 0px rgba(0,0,0,0.14),0px 1px 10px 0px rgba(0,0,0,0.12)",
                                "0px 3px 5px -1px rgba(0,0,0,0.2),0px 5px 8px 0px rgba(0,0,0,0.14),0px 1px 14px 0px rgba(0,0,0,0.12)",
                                "0px 3px 5px -1px rgba(0,0,0,0.2),0px 6px 10px 0px rgba(0,0,0,0.14),0px 1px 18px 0px rgba(0,0,0,0.12)",
                                "0px 4px 5px -2px rgba(0,0,0,0.2),0px 7px 10px 1px rgba(0,0,0,0.14),0px 2px 16px 1px rgba(0,0,0,0.12)",
                                "0px 5px 5px -3px rgba(0,0,0,0.2),0px 8px 10px 1px rgba(0,0,0,0.14),0px 3px 14px 2px rgba(0,0,0,0.12)",
                                "0px 5px 6px -3px rgba(0,0,0,0.2),0px 9px 12px 1px rgba(0,0,0,0.14),0px 3px 16px 2px rgba(0,0,0,0.12)",
                                "0px 6px 6px -3px rgba(0,0,0,0.2),0px 10px 14px 1px rgba(0,0,0,0.14),0px 4px 18px 3px rgba(0,0,0,0.12)",
                                "0px 6px 7px -4px rgba(0,0,0,0.2),0px 11px 15px 1px rgba(0,0,0,0.14),0px 4px 20px 3px rgba(0,0,0,0.12)",
                                "0px 7px 8px -4px rgba(0,0,0,0.2),0px 12px 17px 2px rgba(0,0,0,0.14),0px 5px 22px 4px rgba(0,0,0,0.12)",
                                "0px 7px 8px -4px rgba(0,0,0,0.2),0px 13px 19px 2px rgba(0,0,0,0.14),0px 5px 24px 4px rgba(0,0,0,0.12)",
                                "0px 7px 9px -4px rgba(0,0,0,0.2),0px 14px 21px 2px rgba(0,0,0,0.14),0px 5px 26px 4px rgba(0,0,0,0.12)",
                                "0px 8px 9px -5px rgba(0,0,0,0.2),0px 15px 22px 2px rgba(0,0,0,0.14),0px 6px 28px 5px rgba(0,0,0,0.12)",
                                "0px 8px 10px -5px rgba(0,0,0,0.2),0px 16px 24px 2px rgba(0,0,0,0.14),0px 6px 30px 5px rgba(0,0,0,0.12)",
                                "0px 8px 11px -5px rgba(0,0,0,0.2),0px 17px 26px 2px rgba(0,0,0,0.14),0px 6px 32px 5px rgba(0,0,0,0.12)",
                                "0px 9px 11px -5px rgba(0,0,0,0.2),0px 18px 28px 2px rgba(0,0,0,0.14),0px 7px 34px 6px rgba(0,0,0,0.12)",
                                "0px 9px 12px -6px rgba(0,0,0,0.2),0px 19px 29px 2px rgba(0,0,0,0.14),0px 7px 36px 6px rgba(0,0,0,0.12)",
                                "0px 10px 13px -6px rgba(0,0,0,0.2),0px 20px 31px 3px rgba(0,0,0,0.14),0px 8px 38px 7px rgba(0,0,0,0.12)",
                                "0px 10px 13px -6px rgba(0,0,0,0.2),0px 21px 33px 3px rgba(0,0,0,0.14),0px 8px 40px 7px rgba(0,0,0,0.12)",
                                "0px 10px 14px -6px rgba(0,0,0,0.2),0px 22px 35px 3px rgba(0,0,0,0.14),0px 8px 42px 7px rgba(0,0,0,0.12)",
                                "0px 11px 14px -7px rgba(0,0,0,0.2),0px 23px 36px 3px rgba(0,0,0,0.14),0px 9px 44px 8px rgba(0,0,0,0.12)",
                                "0px 11px 15px -7px rgba(0,0,0,0.2),0px 24px 38px 3px rgba(0,0,0,0.14),0px 9px 46px 8px rgba(0,0,0,0.12)",
                              ],
                              "shape": Object {
                                "borderRadius": 4,
                              },
                              "spacing": Object {
                                "unit": 8,
                              },
                              "transitions": Object {
                                "create": [Function],
                                "duration": Object {
                                  "complex": 375,
                                  "enteringScreen": 225,
                                  "leavingScreen": 195,
                                  "short": 250,
                                  "shorter": 200,
                                  "shortest": 150,
                                  "standard": 300,
                                },
                                "easing": Object {
                                  "easeIn": "cubic-bezier(0.4, 0, 1, 1)",
                                  "easeInOut": "cubic-bezier(0.4, 0, 0.2, 1)",
                                  "easeOut": "cubic-bezier(0.0, 0, 0.2, 1)",
                                  "sharp": "cubic-bezier(0.4, 0, 0.6, 1)",
                                },
                                "getAutoHeightDuration": [Function],
                              },
                              "typography": Object {
                                "body1": Object {
                                  "color": "rgba(0, 0, 0, 0.87)",
                                  "fontFamily": "\\"Roboto\\", \\"Helvetica\\", \\"Arial\\", sans-serif",
                                  "fontSize": "0.875rem",
                                  "fontWeight": 400,
                                  "lineHeight": "1.46429em",
                                },
                                "body1Next": Object {
                                  "color": "rgba(0, 0, 0, 0.87)",
                                  "fontFamily": "\\"Roboto\\", \\"Helvetica\\", \\"Arial\\", sans-serif",
                                  "fontSize": "1rem",
                                  "fontWeight": 400,
                                  "letterSpacing": "0.00938em",
                                  "lineHeight": 1.5,
                                },
                                "body2": Object {
                                  "color": "rgba(0, 0, 0, 0.87)",
                                  "fontFamily": "\\"Roboto\\", \\"Helvetica\\", \\"Arial\\", sans-serif",
                                  "fontSize": "0.875rem",
                                  "fontWeight": 500,
                                  "lineHeight": "1.71429em",
                                },
                                "body2Next": Object {
                                  "color": "rgba(0, 0, 0, 0.87)",
                                  "fontFamily": "\\"Roboto\\", \\"Helvetica\\", \\"Arial\\", sans-serif",
                                  "fontSize": "0.875rem",
                                  "fontWeight": 400,
                                  "letterSpacing": "0.01071em",
                                  "lineHeight": 1.5,
                                },
                                "button": Object {
                                  "color": "rgba(0, 0, 0, 0.87)",
                                  "fontFamily": "\\"Roboto\\", \\"Helvetica\\", \\"Arial\\", sans-serif",
                                  "fontSize": "0.875rem",
                                  "fontWeight": 500,
                                  "textTransform": "uppercase",
                                },
                                "buttonNext": Object {
                                  "color": "rgba(0, 0, 0, 0.87)",
                                  "fontFamily": "\\"Roboto\\", \\"Helvetica\\", \\"Arial\\", sans-serif",
                                  "fontSize": "0.875rem",
                                  "fontWeight": 500,
                                  "letterSpacing": "0.02857em",
                                  "lineHeight": 1.75,
                                  "textTransform": "uppercase",
                                },
                                "caption": Object {
                                  "color": "rgba(0, 0, 0, 0.54)",
                                  "fontFamily": "\\"Roboto\\", \\"Helvetica\\", \\"Arial\\", sans-serif",
                                  "fontSize": "0.75rem",
                                  "fontWeight": 400,
                                  "lineHeight": "1.375em",
                                },
                                "captionNext": Object {
                                  "color": "rgba(0, 0, 0, 0.87)",
                                  "fontFamily": "\\"Roboto\\", \\"Helvetica\\", \\"Arial\\", sans-serif",
                                  "fontSize": "0.75rem",
                                  "fontWeight": 400,
                                  "letterSpacing": "0.03333em",
                                  "lineHeight": 1.66,
                                },
                                "display1": Object {
                                  "color": "rgba(0, 0, 0, 0.54)",
                                  "fontFamily": "\\"Roboto\\", \\"Helvetica\\", \\"Arial\\", sans-serif",
                                  "fontSize": "2.125rem",
                                  "fontWeight": 400,
                                  "lineHeight": "1.20588em",
                                },
                                "display2": Object {
                                  "color": "rgba(0, 0, 0, 0.54)",
                                  "fontFamily": "\\"Roboto\\", \\"Helvetica\\", \\"Arial\\", sans-serif",
                                  "fontSize": "2.8125rem",
                                  "fontWeight": 400,
                                  "lineHeight": "1.13333em",
                                  "marginLeft": "-.02em",
                                },
                                "display3": Object {
                                  "color": "rgba(0, 0, 0, 0.54)",
                                  "fontFamily": "\\"Roboto\\", \\"Helvetica\\", \\"Arial\\", sans-serif",
                                  "fontSize": "3.5rem",
                                  "fontWeight": 400,
                                  "letterSpacing": "-.02em",
                                  "lineHeight": "1.30357em",
                                  "marginLeft": "-.02em",
                                },
                                "display4": Object {
                                  "color": "rgba(0, 0, 0, 0.54)",
                                  "fontFamily": "\\"Roboto\\", \\"Helvetica\\", \\"Arial\\", sans-serif",
                                  "fontSize": "7rem",
                                  "fontWeight": 300,
                                  "letterSpacing": "-.04em",
                                  "lineHeight": "1.14286em",
                                  "marginLeft": "-.04em",
                                },
                                "fontFamily": "\\"Roboto\\", \\"Helvetica\\", \\"Arial\\", sans-serif",
                                "fontSize": 14,
                                "fontWeightLight": 300,
                                "fontWeightMedium": 500,
                                "fontWeightRegular": 400,
                                "h1": Object {
                                  "color": "rgba(0, 0, 0, 0.87)",
                                  "fontFamily": "\\"Roboto\\", \\"Helvetica\\", \\"Arial\\", sans-serif",
                                  "fontSize": "6rem",
                                  "fontWeight": 300,
                                  "letterSpacing": "-0.01562em",
                                  "lineHeight": 1,
                                },
                                "h2": Object {
                                  "color": "rgba(0, 0, 0, 0.87)",
                                  "fontFamily": "\\"Roboto\\", \\"Helvetica\\", \\"Arial\\", sans-serif",
                                  "fontSize": "3.75rem",
                                  "fontWeight": 300,
                                  "letterSpacing": "-0.00833em",
                                  "lineHeight": 1,
                                },
                                "h3": Object {
                                  "color": "rgba(0, 0, 0, 0.87)",
                                  "fontFamily": "\\"Roboto\\", \\"Helvetica\\", \\"Arial\\", sans-serif",
                                  "fontSize": "3rem",
                                  "fontWeight": 400,
                                  "letterSpacing": "0em",
                                  "lineHeight": 1.04,
                                },
                                "h4": Object {
                                  "color": "rgba(0, 0, 0, 0.87)",
                                  "fontFamily": "\\"Roboto\\", \\"Helvetica\\", \\"Arial\\", sans-serif",
                                  "fontSize": "2.125rem",
                                  "fontWeight": 400,
                                  "letterSpacing": "0.00735em",
                                  "lineHeight": 1.17,
                                },
                                "h5": Object {
                                  "color": "rgba(0, 0, 0, 0.87)",
                                  "fontFamily": "\\"Roboto\\", \\"Helvetica\\", \\"Arial\\", sans-serif",
                                  "fontSize": "1.5rem",
                                  "fontWeight": 400,
                                  "letterSpacing": "0em",
                                  "lineHeight": 1.33,
                                },
                                "h6": Object {
                                  "color": "rgba(0, 0, 0, 0.87)",
                                  "fontFamily": "\\"Roboto\\", \\"Helvetica\\", \\"Arial\\", sans-serif",
                                  "fontSize": "1.25rem",
                                  "fontWeight": 500,
                                  "letterSpacing": "0.0075em",
                                  "lineHeight": 1.6,
                                },
                                "headline": Object {
                                  "color": "rgba(0, 0, 0, 0.87)",
                                  "fontFamily": "\\"Roboto\\", \\"Helvetica\\", \\"Arial\\", sans-serif",
                                  "fontSize": "1.5rem",
                                  "fontWeight": 400,
                                  "lineHeight": "1.35417em",
                                },
                                "overline": Object {
                                  "color": "rgba(0, 0, 0, 0.87)",
                                  "fontFamily": "\\"Roboto\\", \\"Helvetica\\", \\"Arial\\", sans-serif",
                                  "fontSize": "0.75rem",
                                  "fontWeight": 400,
                                  "letterSpacing": "0.08333em",
                                  "lineHeight": 2.66,
                                  "textTransform": "uppercase",
                                },
                                "pxToRem": [Function],
                                "round": [Function],
                                "subheading": Object {
                                  "color": "rgba(0, 0, 0, 0.87)",
                                  "fontFamily": "\\"Roboto\\", \\"Helvetica\\", \\"Arial\\", sans-serif",
                                  "fontSize": "1rem",
                                  "fontWeight": 400,
                                  "lineHeight": "1.5em",
                                },
                                "subtitle1": Object {
                                  "color": "rgba(0, 0, 0, 0.87)",
                                  "fontFamily": "\\"Roboto\\", \\"Helvetica\\", \\"Arial\\", sans-serif",
                                  "fontSize": "1rem",
                                  "fontWeight": 400,
                                  "letterSpacing": "0.00938em",
                                  "lineHeight": 1.75,
                                },
                                "subtitle2": Object {
                                  "color": "rgba(0, 0, 0, 0.87)",
                                  "fontFamily": "\\"Roboto\\", \\"Helvetica\\", \\"Arial\\", sans-serif",
                                  "fontSize": "0.875rem",
                                  "fontWeight": 500,
                                  "letterSpacing": "0.00714em",
                                  "lineHeight": 1.57,
                                },
                                "title": Object {
                                  "color": "rgba(0, 0, 0, 0.87)",
                                  "fontFamily": "\\"Roboto\\", \\"Helvetica\\", \\"Arial\\", sans-serif",
                                  "fontSize": "1.3125rem",
                                  "fontWeight": 500,
                                  "lineHeight": "1.16667em",
                                },
                                "useNextVariants": false,
                              },
                              "zIndex": Object {
                                "appBar": 1100,
                                "drawer": 1200,
                                "mobileStepper": 1000,
                                "modal": 1300,
                                "snackbar": 1400,
                                "tooltip": 1500,
                              },
                            }
                          }
                          title="Sort"
                        >
                          <RootRef
                            rootRef={[Function]}
                          >
                            <WithStyles(TableSortLabel)
                              active={false}
                              aria-describedby={null}
                              className=""
                              direction="asc"
                              onBlur={[Function]}
                              onClick={[Function]}
                              onFocus={[Function]}
                              onMouseLeave={[Function]}
                              onMouseOver={[Function]}
                              onTouchEnd={[Function]}
                              onTouchStart={[Function]}
                              title="Sort"
                            >
                              <TableSortLabel
                                IconComponent={[Function]}
                                active={false}
                                aria-describedby={null}
                                className=""
                                classes={
                                  Object {
                                    "active": "MuiTableSortLabel-active-28",
                                    "icon": "MuiTableSortLabel-icon-29",
                                    "iconDirectionAsc": "MuiTableSortLabel-iconDirectionAsc-31",
                                    "iconDirectionDesc": "MuiTableSortLabel-iconDirectionDesc-30",
                                    "root": "MuiTableSortLabel-root-27",
                                  }
                                }
                                direction="asc"
                                hideSortIcon={false}
                                onBlur={[Function]}
                                onClick={[Function]}
                                onFocus={[Function]}
                                onMouseLeave={[Function]}
                                onMouseOver={[Function]}
                                onTouchEnd={[Function]}
                                onTouchStart={[Function]}
                                title="Sort"
                              >
                                <WithStyles(ButtonBase)
                                  aria-describedby={null}
                                  className="MuiTableSortLabel-root-27"
                                  component="span"
                                  disableRipple={true}
                                  onBlur={[Function]}
                                  onClick={[Function]}
                                  onFocus={[Function]}
                                  onMouseLeave={[Function]}
                                  onMouseOver={[Function]}
                                  onTouchEnd={[Function]}
                                  onTouchStart={[Function]}
                                  title="Sort"
                                >
                                  <ButtonBase
                                    aria-describedby={null}
                                    centerRipple={false}
                                    className="MuiTableSortLabel-root-27"
                                    classes={
                                      Object {
                                        "disabled": "MuiButtonBase-disabled-33",
                                        "focusVisible": "MuiButtonBase-focusVisible-34",
                                        "root": "MuiButtonBase-root-32",
                                      }
                                    }
                                    component="span"
                                    disableRipple={true}
                                    disableTouchRipple={false}
                                    focusRipple={false}
                                    onBlur={[Function]}
                                    onClick={[Function]}
                                    onFocus={[Function]}
                                    onMouseLeave={[Function]}
                                    onMouseOver={[Function]}
                                    onTouchEnd={[Function]}
                                    onTouchStart={[Function]}
                                    tabIndex="0"
                                    title="Sort"
                                    type="button"
                                  >
                                    <span
                                      aria-describedby={null}
                                      className="MuiButtonBase-root-32 MuiTableSortLabel-root-27"
                                      onBlur={[Function]}
                                      onClick={[Function]}
                                      onContextMenu={[Function]}
                                      onFocus={[Function]}
                                      onKeyDown={[Function]}
                                      onKeyUp={[Function]}
                                      onMouseDown={[Function]}
                                      onMouseLeave={[Function]}
                                      onMouseOver={[Function]}
                                      onMouseUp={[Function]}
                                      onTouchEnd={[Function]}
                                      onTouchMove={[Function]}
                                      onTouchStart={[Function]}
                                      role="button"
                                      tabIndex="0"
                                      title="Sort"
                                    >
                                      ID
                                      <pure(ArrowDownward)
                                        className="MuiTableSortLabel-icon-29 MuiTableSortLabel-iconDirectionAsc-31"
                                      >
                                        <ArrowDownward
                                          className="MuiTableSortLabel-icon-29 MuiTableSortLabel-iconDirectionAsc-31"
                                        >
                                          <WithStyles(SvgIcon)
                                            className="MuiTableSortLabel-icon-29 MuiTableSortLabel-iconDirectionAsc-31"
                                          >
                                            <SvgIcon
                                              className="MuiTableSortLabel-icon-29 MuiTableSortLabel-iconDirectionAsc-31"
                                              classes={
                                                Object {
                                                  "colorAction": "MuiSvgIcon-colorAction-38",
                                                  "colorDisabled": "MuiSvgIcon-colorDisabled-40",
                                                  "colorError": "MuiSvgIcon-colorError-39",
                                                  "colorPrimary": "MuiSvgIcon-colorPrimary-36",
                                                  "colorSecondary": "MuiSvgIcon-colorSecondary-37",
                                                  "fontSizeInherit": "MuiSvgIcon-fontSizeInherit-41",
                                                  "fontSizeLarge": "MuiSvgIcon-fontSizeLarge-43",
                                                  "fontSizeSmall": "MuiSvgIcon-fontSizeSmall-42",
                                                  "root": "MuiSvgIcon-root-35",
                                                }
                                              }
                                              color="inherit"
                                              component="svg"
                                              fontSize="default"
                                              viewBox="0 0 24 24"
                                            >
                                              <svg
                                                aria-hidden="true"
                                                className="MuiSvgIcon-root-35 MuiTableSortLabel-icon-29 MuiTableSortLabel-iconDirectionAsc-31"
                                                focusable="false"
                                                role="presentation"
                                                viewBox="0 0 24 24"
                                              >
                                                <path
                                                  d="M20 12l-1.41-1.41L13 16.17V4h-2v12.17l-5.58-5.59L4 12l8 8 8-8z"
                                                />
                                              </svg>
                                            </SvgIcon>
                                          </WithStyles(SvgIcon)>
                                        </ArrowDownward>
                                      </pure(ArrowDownward)>
                                    </span>
                                  </ButtonBase>
                                </WithStyles(ButtonBase)>
                              </TableSortLabel>
                            </WithStyles(TableSortLabel)>
                          </RootRef>
                          <Popper
                            className="MuiTooltip-popper-19"
                            disablePortal={false}
                            id={null}
                            open={false}
                            placement="bottom-end"
                            transition={true}
                          />
                        </Tooltip>
                      </WithStyles(Tooltip)>
                    </th>
                  </TableCell>
                </WithStyles(TableCell)>
                <WithStyles(TableCell)
                  key="type"
                  sortDirection="asc"
                >
                  <TableCell
                    align="inherit"
                    classes={
                      Object {
                        "alignCenter": "MuiTableCell-alignCenter-16",
                        "alignJustify": "MuiTableCell-alignJustify-18",
                        "alignLeft": "MuiTableCell-alignLeft-15",
                        "alignRight": "MuiTableCell-alignRight-17",
                        "body": "MuiTableCell-body-9",
                        "footer": "MuiTableCell-footer-10",
                        "head": "MuiTableCell-head-8",
                        "numeric": "MuiTableCell-numeric-11",
                        "paddingCheckbox": "MuiTableCell-paddingCheckbox-13",
                        "paddingDense": "MuiTableCell-paddingDense-12",
                        "paddingNone": "MuiTableCell-paddingNone-14",
                        "root": "MuiTableCell-root-7",
                      }
                    }
                    sortDirection="asc"
                  >
                    <th
                      aria-sort="ascending"
                      className="MuiTableCell-root-7 MuiTableCell-head-8"
                      scope="col"
                    >
                      <WithStyles(Tooltip)
                        enterDelay={300}
                        placement="bottom-end"
                        title="Sort"
                      >
                        <Tooltip
                          TransitionComponent={[Function]}
                          classes={
                            Object {
                              "popper": "MuiTooltip-popper-19",
                              "popperInteractive": "MuiTooltip-popperInteractive-20",
                              "tooltip": "MuiTooltip-tooltip-21",
                              "tooltipPlacementBottom": "MuiTooltip-tooltipPlacementBottom-26",
                              "tooltipPlacementLeft": "MuiTooltip-tooltipPlacementLeft-23",
                              "tooltipPlacementRight": "MuiTooltip-tooltipPlacementRight-24",
                              "tooltipPlacementTop": "MuiTooltip-tooltipPlacementTop-25",
                              "touch": "MuiTooltip-touch-22",
                            }
                          }
                          disableFocusListener={false}
                          disableHoverListener={false}
                          disableTouchListener={false}
                          enterDelay={300}
                          enterTouchDelay={1000}
                          interactive={false}
                          leaveDelay={0}
                          leaveTouchDelay={1500}
                          placement="bottom-end"
                          theme={
                            Object {
                              "breakpoints": Object {
                                "between": [Function],
                                "down": [Function],
                                "keys": Array [
                                  "xs",
                                  "sm",
                                  "md",
                                  "lg",
                                  "xl",
                                ],
                                "only": [Function],
                                "up": [Function],
                                "values": Object {
                                  "lg": 1280,
                                  "md": 960,
                                  "sm": 600,
                                  "xl": 1920,
                                  "xs": 0,
                                },
                                "width": [Function],
                              },
                              "direction": "ltr",
                              "mixins": Object {
                                "gutters": [Function],
                                "toolbar": Object {
                                  "@media (min-width:0px) and (orientation: landscape)": Object {
                                    "minHeight": 48,
                                  },
                                  "@media (min-width:600px)": Object {
                                    "minHeight": 64,
                                  },
                                  "minHeight": 56,
                                },
                              },
                              "overrides": Object {},
                              "palette": Object {
                                "action": Object {
                                  "active": "rgba(0, 0, 0, 0.54)",
                                  "disabled": "rgba(0, 0, 0, 0.26)",
                                  "disabledBackground": "rgba(0, 0, 0, 0.12)",
                                  "hover": "rgba(0, 0, 0, 0.08)",
                                  "hoverOpacity": 0.08,
                                  "selected": "rgba(0, 0, 0, 0.14)",
                                },
                                "augmentColor": [Function],
                                "background": Object {
                                  "default": "#fafafa",
                                  "paper": "#fff",
                                },
                                "common": Object {
                                  "black": "#000",
                                  "white": "#fff",
                                },
                                "contrastThreshold": 3,
                                "divider": "rgba(0, 0, 0, 0.12)",
                                "error": Object {
                                  "contrastText": "#fff",
                                  "dark": "#d32f2f",
                                  "light": "#e57373",
                                  "main": "#f44336",
                                },
                                "getContrastText": [Function],
                                "grey": Object {
                                  "100": "#f5f5f5",
                                  "200": "#eeeeee",
                                  "300": "#e0e0e0",
                                  "400": "#bdbdbd",
                                  "50": "#fafafa",
                                  "500": "#9e9e9e",
                                  "600": "#757575",
                                  "700": "#616161",
                                  "800": "#424242",
                                  "900": "#212121",
                                  "A100": "#d5d5d5",
                                  "A200": "#aaaaaa",
                                  "A400": "#303030",
                                  "A700": "#616161",
                                },
                                "primary": Object {
                                  "contrastText": "#fff",
                                  "dark": "#303f9f",
                                  "light": "#7986cb",
                                  "main": "#3f51b5",
                                },
                                "secondary": Object {
                                  "contrastText": "#fff",
                                  "dark": "#c51162",
                                  "light": "#ff4081",
                                  "main": "#f50057",
                                },
                                "text": Object {
                                  "disabled": "rgba(0, 0, 0, 0.38)",
                                  "hint": "rgba(0, 0, 0, 0.38)",
                                  "primary": "rgba(0, 0, 0, 0.87)",
                                  "secondary": "rgba(0, 0, 0, 0.54)",
                                },
                                "tonalOffset": 0.2,
                                "type": "light",
                              },
                              "props": Object {},
                              "shadows": Array [
                                "none",
                                "0px 1px 3px 0px rgba(0,0,0,0.2),0px 1px 1px 0px rgba(0,0,0,0.14),0px 2px 1px -1px rgba(0,0,0,0.12)",
                                "0px 1px 5px 0px rgba(0,0,0,0.2),0px 2px 2px 0px rgba(0,0,0,0.14),0px 3px 1px -2px rgba(0,0,0,0.12)",
                                "0px 1px 8px 0px rgba(0,0,0,0.2),0px 3px 4px 0px rgba(0,0,0,0.14),0px 3px 3px -2px rgba(0,0,0,0.12)",
                                "0px 2px 4px -1px rgba(0,0,0,0.2),0px 4px 5px 0px rgba(0,0,0,0.14),0px 1px 10px 0px rgba(0,0,0,0.12)",
                                "0px 3px 5px -1px rgba(0,0,0,0.2),0px 5px 8px 0px rgba(0,0,0,0.14),0px 1px 14px 0px rgba(0,0,0,0.12)",
                                "0px 3px 5px -1px rgba(0,0,0,0.2),0px 6px 10px 0px rgba(0,0,0,0.14),0px 1px 18px 0px rgba(0,0,0,0.12)",
                                "0px 4px 5px -2px rgba(0,0,0,0.2),0px 7px 10px 1px rgba(0,0,0,0.14),0px 2px 16px 1px rgba(0,0,0,0.12)",
                                "0px 5px 5px -3px rgba(0,0,0,0.2),0px 8px 10px 1px rgba(0,0,0,0.14),0px 3px 14px 2px rgba(0,0,0,0.12)",
                                "0px 5px 6px -3px rgba(0,0,0,0.2),0px 9px 12px 1px rgba(0,0,0,0.14),0px 3px 16px 2px rgba(0,0,0,0.12)",
                                "0px 6px 6px -3px rgba(0,0,0,0.2),0px 10px 14px 1px rgba(0,0,0,0.14),0px 4px 18px 3px rgba(0,0,0,0.12)",
                                "0px 6px 7px -4px rgba(0,0,0,0.2),0px 11px 15px 1px rgba(0,0,0,0.14),0px 4px 20px 3px rgba(0,0,0,0.12)",
                                "0px 7px 8px -4px rgba(0,0,0,0.2),0px 12px 17px 2px rgba(0,0,0,0.14),0px 5px 22px 4px rgba(0,0,0,0.12)",
                                "0px 7px 8px -4px rgba(0,0,0,0.2),0px 13px 19px 2px rgba(0,0,0,0.14),0px 5px 24px 4px rgba(0,0,0,0.12)",
                                "0px 7px 9px -4px rgba(0,0,0,0.2),0px 14px 21px 2px rgba(0,0,0,0.14),0px 5px 26px 4px rgba(0,0,0,0.12)",
                                "0px 8px 9px -5px rgba(0,0,0,0.2),0px 15px 22px 2px rgba(0,0,0,0.14),0px 6px 28px 5px rgba(0,0,0,0.12)",
                                "0px 8px 10px -5px rgba(0,0,0,0.2),0px 16px 24px 2px rgba(0,0,0,0.14),0px 6px 30px 5px rgba(0,0,0,0.12)",
                                "0px 8px 11px -5px rgba(0,0,0,0.2),0px 17px 26px 2px rgba(0,0,0,0.14),0px 6px 32px 5px rgba(0,0,0,0.12)",
                                "0px 9px 11px -5px rgba(0,0,0,0.2),0px 18px 28px 2px rgba(0,0,0,0.14),0px 7px 34px 6px rgba(0,0,0,0.12)",
                                "0px 9px 12px -6px rgba(0,0,0,0.2),0px 19px 29px 2px rgba(0,0,0,0.14),0px 7px 36px 6px rgba(0,0,0,0.12)",
                                "0px 10px 13px -6px rgba(0,0,0,0.2),0px 20px 31px 3px rgba(0,0,0,0.14),0px 8px 38px 7px rgba(0,0,0,0.12)",
                                "0px 10px 13px -6px rgba(0,0,0,0.2),0px 21px 33px 3px rgba(0,0,0,0.14),0px 8px 40px 7px rgba(0,0,0,0.12)",
                                "0px 10px 14px -6px rgba(0,0,0,0.2),0px 22px 35px 3px rgba(0,0,0,0.14),0px 8px 42px 7px rgba(0,0,0,0.12)",
                                "0px 11px 14px -7px rgba(0,0,0,0.2),0px 23px 36px 3px rgba(0,0,0,0.14),0px 9px 44px 8px rgba(0,0,0,0.12)",
                                "0px 11px 15px -7px rgba(0,0,0,0.2),0px 24px 38px 3px rgba(0,0,0,0.14),0px 9px 46px 8px rgba(0,0,0,0.12)",
                              ],
                              "shape": Object {
                                "borderRadius": 4,
                              },
                              "spacing": Object {
                                "unit": 8,
                              },
                              "transitions": Object {
                                "create": [Function],
                                "duration": Object {
                                  "complex": 375,
                                  "enteringScreen": 225,
                                  "leavingScreen": 195,
                                  "short": 250,
                                  "shorter": 200,
                                  "shortest": 150,
                                  "standard": 300,
                                },
                                "easing": Object {
                                  "easeIn": "cubic-bezier(0.4, 0, 1, 1)",
                                  "easeInOut": "cubic-bezier(0.4, 0, 0.2, 1)",
                                  "easeOut": "cubic-bezier(0.0, 0, 0.2, 1)",
                                  "sharp": "cubic-bezier(0.4, 0, 0.6, 1)",
                                },
                                "getAutoHeightDuration": [Function],
                              },
                              "typography": Object {
                                "body1": Object {
                                  "color": "rgba(0, 0, 0, 0.87)",
                                  "fontFamily": "\\"Roboto\\", \\"Helvetica\\", \\"Arial\\", sans-serif",
                                  "fontSize": "0.875rem",
                                  "fontWeight": 400,
                                  "lineHeight": "1.46429em",
                                },
                                "body1Next": Object {
                                  "color": "rgba(0, 0, 0, 0.87)",
                                  "fontFamily": "\\"Roboto\\", \\"Helvetica\\", \\"Arial\\", sans-serif",
                                  "fontSize": "1rem",
                                  "fontWeight": 400,
                                  "letterSpacing": "0.00938em",
                                  "lineHeight": 1.5,
                                },
                                "body2": Object {
                                  "color": "rgba(0, 0, 0, 0.87)",
                                  "fontFamily": "\\"Roboto\\", \\"Helvetica\\", \\"Arial\\", sans-serif",
                                  "fontSize": "0.875rem",
                                  "fontWeight": 500,
                                  "lineHeight": "1.71429em",
                                },
                                "body2Next": Object {
                                  "color": "rgba(0, 0, 0, 0.87)",
                                  "fontFamily": "\\"Roboto\\", \\"Helvetica\\", \\"Arial\\", sans-serif",
                                  "fontSize": "0.875rem",
                                  "fontWeight": 400,
                                  "letterSpacing": "0.01071em",
                                  "lineHeight": 1.5,
                                },
                                "button": Object {
                                  "color": "rgba(0, 0, 0, 0.87)",
                                  "fontFamily": "\\"Roboto\\", \\"Helvetica\\", \\"Arial\\", sans-serif",
                                  "fontSize": "0.875rem",
                                  "fontWeight": 500,
                                  "textTransform": "uppercase",
                                },
                                "buttonNext": Object {
                                  "color": "rgba(0, 0, 0, 0.87)",
                                  "fontFamily": "\\"Roboto\\", \\"Helvetica\\", \\"Arial\\", sans-serif",
                                  "fontSize": "0.875rem",
                                  "fontWeight": 500,
                                  "letterSpacing": "0.02857em",
                                  "lineHeight": 1.75,
                                  "textTransform": "uppercase",
                                },
                                "caption": Object {
                                  "color": "rgba(0, 0, 0, 0.54)",
                                  "fontFamily": "\\"Roboto\\", \\"Helvetica\\", \\"Arial\\", sans-serif",
                                  "fontSize": "0.75rem",
                                  "fontWeight": 400,
                                  "lineHeight": "1.375em",
                                },
                                "captionNext": Object {
                                  "color": "rgba(0, 0, 0, 0.87)",
                                  "fontFamily": "\\"Roboto\\", \\"Helvetica\\", \\"Arial\\", sans-serif",
                                  "fontSize": "0.75rem",
                                  "fontWeight": 400,
                                  "letterSpacing": "0.03333em",
                                  "lineHeight": 1.66,
                                },
                                "display1": Object {
                                  "color": "rgba(0, 0, 0, 0.54)",
                                  "fontFamily": "\\"Roboto\\", \\"Helvetica\\", \\"Arial\\", sans-serif",
                                  "fontSize": "2.125rem",
                                  "fontWeight": 400,
                                  "lineHeight": "1.20588em",
                                },
                                "display2": Object {
                                  "color": "rgba(0, 0, 0, 0.54)",
                                  "fontFamily": "\\"Roboto\\", \\"Helvetica\\", \\"Arial\\", sans-serif",
                                  "fontSize": "2.8125rem",
                                  "fontWeight": 400,
                                  "lineHeight": "1.13333em",
                                  "marginLeft": "-.02em",
                                },
                                "display3": Object {
                                  "color": "rgba(0, 0, 0, 0.54)",
                                  "fontFamily": "\\"Roboto\\", \\"Helvetica\\", \\"Arial\\", sans-serif",
                                  "fontSize": "3.5rem",
                                  "fontWeight": 400,
                                  "letterSpacing": "-.02em",
                                  "lineHeight": "1.30357em",
                                  "marginLeft": "-.02em",
                                },
                                "display4": Object {
                                  "color": "rgba(0, 0, 0, 0.54)",
                                  "fontFamily": "\\"Roboto\\", \\"Helvetica\\", \\"Arial\\", sans-serif",
                                  "fontSize": "7rem",
                                  "fontWeight": 300,
                                  "letterSpacing": "-.04em",
                                  "lineHeight": "1.14286em",
                                  "marginLeft": "-.04em",
                                },
                                "fontFamily": "\\"Roboto\\", \\"Helvetica\\", \\"Arial\\", sans-serif",
                                "fontSize": 14,
                                "fontWeightLight": 300,
                                "fontWeightMedium": 500,
                                "fontWeightRegular": 400,
                                "h1": Object {
                                  "color": "rgba(0, 0, 0, 0.87)",
                                  "fontFamily": "\\"Roboto\\", \\"Helvetica\\", \\"Arial\\", sans-serif",
                                  "fontSize": "6rem",
                                  "fontWeight": 300,
                                  "letterSpacing": "-0.01562em",
                                  "lineHeight": 1,
                                },
                                "h2": Object {
                                  "color": "rgba(0, 0, 0, 0.87)",
                                  "fontFamily": "\\"Roboto\\", \\"Helvetica\\", \\"Arial\\", sans-serif",
                                  "fontSize": "3.75rem",
                                  "fontWeight": 300,
                                  "letterSpacing": "-0.00833em",
                                  "lineHeight": 1,
                                },
                                "h3": Object {
                                  "color": "rgba(0, 0, 0, 0.87)",
                                  "fontFamily": "\\"Roboto\\", \\"Helvetica\\", \\"Arial\\", sans-serif",
                                  "fontSize": "3rem",
                                  "fontWeight": 400,
                                  "letterSpacing": "0em",
                                  "lineHeight": 1.04,
                                },
                                "h4": Object {
                                  "color": "rgba(0, 0, 0, 0.87)",
                                  "fontFamily": "\\"Roboto\\", \\"Helvetica\\", \\"Arial\\", sans-serif",
                                  "fontSize": "2.125rem",
                                  "fontWeight": 400,
                                  "letterSpacing": "0.00735em",
                                  "lineHeight": 1.17,
                                },
                                "h5": Object {
                                  "color": "rgba(0, 0, 0, 0.87)",
                                  "fontFamily": "\\"Roboto\\", \\"Helvetica\\", \\"Arial\\", sans-serif",
                                  "fontSize": "1.5rem",
                                  "fontWeight": 400,
                                  "letterSpacing": "0em",
                                  "lineHeight": 1.33,
                                },
                                "h6": Object {
                                  "color": "rgba(0, 0, 0, 0.87)",
                                  "fontFamily": "\\"Roboto\\", \\"Helvetica\\", \\"Arial\\", sans-serif",
                                  "fontSize": "1.25rem",
                                  "fontWeight": 500,
                                  "letterSpacing": "0.0075em",
                                  "lineHeight": 1.6,
                                },
                                "headline": Object {
                                  "color": "rgba(0, 0, 0, 0.87)",
                                  "fontFamily": "\\"Roboto\\", \\"Helvetica\\", \\"Arial\\", sans-serif",
                                  "fontSize": "1.5rem",
                                  "fontWeight": 400,
                                  "lineHeight": "1.35417em",
                                },
                                "overline": Object {
                                  "color": "rgba(0, 0, 0, 0.87)",
                                  "fontFamily": "\\"Roboto\\", \\"Helvetica\\", \\"Arial\\", sans-serif",
                                  "fontSize": "0.75rem",
                                  "fontWeight": 400,
                                  "letterSpacing": "0.08333em",
                                  "lineHeight": 2.66,
                                  "textTransform": "uppercase",
                                },
                                "pxToRem": [Function],
                                "round": [Function],
                                "subheading": Object {
                                  "color": "rgba(0, 0, 0, 0.87)",
                                  "fontFamily": "\\"Roboto\\", \\"Helvetica\\", \\"Arial\\", sans-serif",
                                  "fontSize": "1rem",
                                  "fontWeight": 400,
                                  "lineHeight": "1.5em",
                                },
                                "subtitle1": Object {
                                  "color": "rgba(0, 0, 0, 0.87)",
                                  "fontFamily": "\\"Roboto\\", \\"Helvetica\\", \\"Arial\\", sans-serif",
                                  "fontSize": "1rem",
                                  "fontWeight": 400,
                                  "letterSpacing": "0.00938em",
                                  "lineHeight": 1.75,
                                },
                                "subtitle2": Object {
                                  "color": "rgba(0, 0, 0, 0.87)",
                                  "fontFamily": "\\"Roboto\\", \\"Helvetica\\", \\"Arial\\", sans-serif",
                                  "fontSize": "0.875rem",
                                  "fontWeight": 500,
                                  "letterSpacing": "0.00714em",
                                  "lineHeight": 1.57,
                                },
                                "title": Object {
                                  "color": "rgba(0, 0, 0, 0.87)",
                                  "fontFamily": "\\"Roboto\\", \\"Helvetica\\", \\"Arial\\", sans-serif",
                                  "fontSize": "1.3125rem",
                                  "fontWeight": 500,
                                  "lineHeight": "1.16667em",
                                },
                                "useNextVariants": false,
                              },
                              "zIndex": Object {
                                "appBar": 1100,
                                "drawer": 1200,
                                "mobileStepper": 1000,
                                "modal": 1300,
                                "snackbar": 1400,
                                "tooltip": 1500,
                              },
                            }
                          }
                          title="Sort"
                        >
                          <RootRef
                            rootRef={[Function]}
                          >
                            <WithStyles(TableSortLabel)
                              active={true}
                              aria-describedby={null}
                              className=""
                              direction="asc"
                              onBlur={[Function]}
                              onClick={[Function]}
                              onFocus={[Function]}
                              onMouseLeave={[Function]}
                              onMouseOver={[Function]}
                              onTouchEnd={[Function]}
                              onTouchStart={[Function]}
                              title="Sort"
                            >
                              <TableSortLabel
                                IconComponent={[Function]}
                                active={true}
                                aria-describedby={null}
                                className=""
                                classes={
                                  Object {
                                    "active": "MuiTableSortLabel-active-28",
                                    "icon": "MuiTableSortLabel-icon-29",
                                    "iconDirectionAsc": "MuiTableSortLabel-iconDirectionAsc-31",
                                    "iconDirectionDesc": "MuiTableSortLabel-iconDirectionDesc-30",
                                    "root": "MuiTableSortLabel-root-27",
                                  }
                                }
                                direction="asc"
                                hideSortIcon={false}
                                onBlur={[Function]}
                                onClick={[Function]}
                                onFocus={[Function]}
                                onMouseLeave={[Function]}
                                onMouseOver={[Function]}
                                onTouchEnd={[Function]}
                                onTouchStart={[Function]}
                                title="Sort"
                              >
                                <WithStyles(ButtonBase)
                                  aria-describedby={null}
                                  className="MuiTableSortLabel-root-27 MuiTableSortLabel-active-28"
                                  component="span"
                                  disableRipple={true}
                                  onBlur={[Function]}
                                  onClick={[Function]}
                                  onFocus={[Function]}
                                  onMouseLeave={[Function]}
                                  onMouseOver={[Function]}
                                  onTouchEnd={[Function]}
                                  onTouchStart={[Function]}
                                  title="Sort"
                                >
                                  <ButtonBase
                                    aria-describedby={null}
                                    centerRipple={false}
                                    className="MuiTableSortLabel-root-27 MuiTableSortLabel-active-28"
                                    classes={
                                      Object {
                                        "disabled": "MuiButtonBase-disabled-33",
                                        "focusVisible": "MuiButtonBase-focusVisible-34",
                                        "root": "MuiButtonBase-root-32",
                                      }
                                    }
                                    component="span"
                                    disableRipple={true}
                                    disableTouchRipple={false}
                                    focusRipple={false}
                                    onBlur={[Function]}
                                    onClick={[Function]}
                                    onFocus={[Function]}
                                    onMouseLeave={[Function]}
                                    onMouseOver={[Function]}
                                    onTouchEnd={[Function]}
                                    onTouchStart={[Function]}
                                    tabIndex="0"
                                    title="Sort"
                                    type="button"
                                  >
                                    <span
                                      aria-describedby={null}
                                      className="MuiButtonBase-root-32 MuiTableSortLabel-root-27 MuiTableSortLabel-active-28"
                                      onBlur={[Function]}
                                      onClick={[Function]}
                                      onContextMenu={[Function]}
                                      onFocus={[Function]}
                                      onKeyDown={[Function]}
                                      onKeyUp={[Function]}
                                      onMouseDown={[Function]}
                                      onMouseLeave={[Function]}
                                      onMouseOver={[Function]}
                                      onMouseUp={[Function]}
                                      onTouchEnd={[Function]}
                                      onTouchMove={[Function]}
                                      onTouchStart={[Function]}
                                      role="button"
                                      tabIndex="0"
                                      title="Sort"
                                    >
                                      TYPE
                                      <pure(ArrowDownward)
                                        className="MuiTableSortLabel-icon-29 MuiTableSortLabel-iconDirectionAsc-31"
                                      >
                                        <ArrowDownward
                                          className="MuiTableSortLabel-icon-29 MuiTableSortLabel-iconDirectionAsc-31"
                                        >
                                          <WithStyles(SvgIcon)
                                            className="MuiTableSortLabel-icon-29 MuiTableSortLabel-iconDirectionAsc-31"
                                          >
                                            <SvgIcon
                                              className="MuiTableSortLabel-icon-29 MuiTableSortLabel-iconDirectionAsc-31"
                                              classes={
                                                Object {
                                                  "colorAction": "MuiSvgIcon-colorAction-38",
                                                  "colorDisabled": "MuiSvgIcon-colorDisabled-40",
                                                  "colorError": "MuiSvgIcon-colorError-39",
                                                  "colorPrimary": "MuiSvgIcon-colorPrimary-36",
                                                  "colorSecondary": "MuiSvgIcon-colorSecondary-37",
                                                  "fontSizeInherit": "MuiSvgIcon-fontSizeInherit-41",
                                                  "fontSizeLarge": "MuiSvgIcon-fontSizeLarge-43",
                                                  "fontSizeSmall": "MuiSvgIcon-fontSizeSmall-42",
                                                  "root": "MuiSvgIcon-root-35",
                                                }
                                              }
                                              color="inherit"
                                              component="svg"
                                              fontSize="default"
                                              viewBox="0 0 24 24"
                                            >
                                              <svg
                                                aria-hidden="true"
                                                className="MuiSvgIcon-root-35 MuiTableSortLabel-icon-29 MuiTableSortLabel-iconDirectionAsc-31"
                                                focusable="false"
                                                role="presentation"
                                                viewBox="0 0 24 24"
                                              >
                                                <path
                                                  d="M20 12l-1.41-1.41L13 16.17V4h-2v12.17l-5.58-5.59L4 12l8 8 8-8z"
                                                />
                                              </svg>
                                            </SvgIcon>
                                          </WithStyles(SvgIcon)>
                                        </ArrowDownward>
                                      </pure(ArrowDownward)>
                                    </span>
                                  </ButtonBase>
                                </WithStyles(ButtonBase)>
                              </TableSortLabel>
                            </WithStyles(TableSortLabel)>
                          </RootRef>
                          <Popper
                            className="MuiTooltip-popper-19"
                            disablePortal={false}
                            id={null}
                            open={false}
                            placement="bottom-end"
                            transition={true}
                          />
                        </Tooltip>
                      </WithStyles(Tooltip)>
                    </th>
                  </TableCell>
                </WithStyles(TableCell)>
              </tr>
            </TableRow>
          </WithStyles(TableRow)>
        </thead>
      </TableHead>
    </WithStyles(TableHead)>
  </FlightsTableHead>
</table>
`;
